Archive member included because of file (symbol)

/home/christian/Downloads/gcc-arm-none-eabi-4_8-2014q2/bin/../lib/gcc/arm-none-eabi/4.8.4/../../../../arm-none-eabi/lib/armv7e-m/fpu/libc.a(lib_a-exit.o)
                              /home/christian/Downloads/gcc-arm-none-eabi-4_8-2014q2/bin/../lib/gcc/arm-none-eabi/4.8.4/../../../../arm-none-eabi/lib/armv7e-m/fpu/crt0.o (exit)
/home/christian/Downloads/gcc-arm-none-eabi-4_8-2014q2/bin/../lib/gcc/arm-none-eabi/4.8.4/../../../../arm-none-eabi/lib/armv7e-m/fpu/libc.a(lib_a-impure.o)
                              /home/christian/Downloads/gcc-arm-none-eabi-4_8-2014q2/bin/../lib/gcc/arm-none-eabi/4.8.4/../../../../arm-none-eabi/lib/armv7e-m/fpu/libc.a(lib_a-exit.o) (_global_impure_ptr)
/home/christian/Downloads/gcc-arm-none-eabi-4_8-2014q2/bin/../lib/gcc/arm-none-eabi/4.8.4/../../../../arm-none-eabi/lib/armv7e-m/fpu/libc.a(lib_a-init.o)
                              /home/christian/Downloads/gcc-arm-none-eabi-4_8-2014q2/bin/../lib/gcc/arm-none-eabi/4.8.4/../../../../arm-none-eabi/lib/armv7e-m/fpu/crt0.o (__libc_init_array)
/home/christian/Downloads/gcc-arm-none-eabi-4_8-2014q2/bin/../lib/gcc/arm-none-eabi/4.8.4/../../../../arm-none-eabi/lib/armv7e-m/fpu/libc.a(lib_a-memset.o)
                              /home/christian/Downloads/gcc-arm-none-eabi-4_8-2014q2/bin/../lib/gcc/arm-none-eabi/4.8.4/../../../../arm-none-eabi/lib/armv7e-m/fpu/crt0.o (memset)
/home/christian/Downloads/gcc-arm-none-eabi-4_8-2014q2/bin/../lib/gcc/arm-none-eabi/4.8.4/../../../../arm-none-eabi/lib/armv7e-m/fpu/libc.a(lib_a-__call_atexit.o)
                              /home/christian/Downloads/gcc-arm-none-eabi-4_8-2014q2/bin/../lib/gcc/arm-none-eabi/4.8.4/../../../../arm-none-eabi/lib/armv7e-m/fpu/libc.a(lib_a-exit.o) (__call_exitprocs)
/home/christian/Downloads/gcc-arm-none-eabi-4_8-2014q2/bin/../lib/gcc/arm-none-eabi/4.8.4/../../../../arm-none-eabi/lib/armv7e-m/fpu/libc.a(lib_a-atexit.o)
                              /home/christian/Downloads/gcc-arm-none-eabi-4_8-2014q2/bin/../lib/gcc/arm-none-eabi/4.8.4/../../../../arm-none-eabi/lib/armv7e-m/fpu/libc.a(lib_a-__call_atexit.o) (atexit)
/home/christian/Downloads/gcc-arm-none-eabi-4_8-2014q2/bin/../lib/gcc/arm-none-eabi/4.8.4/../../../../arm-none-eabi/lib/armv7e-m/fpu/libc.a(lib_a-fini.o)
                              /home/christian/Downloads/gcc-arm-none-eabi-4_8-2014q2/bin/../lib/gcc/arm-none-eabi/4.8.4/../../../../arm-none-eabi/lib/armv7e-m/fpu/libc.a(lib_a-__call_atexit.o) (__libc_fini_array)
/home/christian/Downloads/gcc-arm-none-eabi-4_8-2014q2/bin/../lib/gcc/arm-none-eabi/4.8.4/../../../../arm-none-eabi/lib/armv7e-m/fpu/libc.a(lib_a-__atexit.o)
                              /home/christian/Downloads/gcc-arm-none-eabi-4_8-2014q2/bin/../lib/gcc/arm-none-eabi/4.8.4/../../../../arm-none-eabi/lib/armv7e-m/fpu/libc.a(lib_a-atexit.o) (__register_exitproc)

Allocating common symbols
Common symbol       size              file

b                   0x4               src/main.o
c                   0x4               src/main.o
d                   0x4               src/main.o
a                   0x4               src/main.o

Discarded input sections

 .text          0x00000000        0x0 /home/christian/Downloads/gcc-arm-none-eabi-4_8-2014q2/bin/../lib/gcc/arm-none-eabi/4.8.4/armv7e-m/fpu/crti.o
 .data          0x00000000        0x0 /home/christian/Downloads/gcc-arm-none-eabi-4_8-2014q2/bin/../lib/gcc/arm-none-eabi/4.8.4/armv7e-m/fpu/crti.o
 .bss           0x00000000        0x0 /home/christian/Downloads/gcc-arm-none-eabi-4_8-2014q2/bin/../lib/gcc/arm-none-eabi/4.8.4/armv7e-m/fpu/crti.o
 .data          0x00000000        0x4 /home/christian/Downloads/gcc-arm-none-eabi-4_8-2014q2/bin/../lib/gcc/arm-none-eabi/4.8.4/armv7e-m/fpu/crtbegin.o
 .text          0x00000000       0x74 /home/christian/Downloads/gcc-arm-none-eabi-4_8-2014q2/bin/../lib/gcc/arm-none-eabi/4.8.4/../../../../arm-none-eabi/lib/armv7e-m/fpu/crt0.o
 .data          0x00000000        0x0 /home/christian/Downloads/gcc-arm-none-eabi-4_8-2014q2/bin/../lib/gcc/arm-none-eabi/4.8.4/../../../../arm-none-eabi/lib/armv7e-m/fpu/crt0.o
 .bss           0x00000000        0x0 /home/christian/Downloads/gcc-arm-none-eabi-4_8-2014q2/bin/../lib/gcc/arm-none-eabi/4.8.4/../../../../arm-none-eabi/lib/armv7e-m/fpu/crt0.o
 .ARM.extab     0x00000000        0x0 /home/christian/Downloads/gcc-arm-none-eabi-4_8-2014q2/bin/../lib/gcc/arm-none-eabi/4.8.4/../../../../arm-none-eabi/lib/armv7e-m/fpu/crt0.o
 .ARM.exidx     0x00000000        0x8 /home/christian/Downloads/gcc-arm-none-eabi-4_8-2014q2/bin/../lib/gcc/arm-none-eabi/4.8.4/../../../../arm-none-eabi/lib/armv7e-m/fpu/crt0.o
 .ARM.attributes
                0x00000000       0x20 /home/christian/Downloads/gcc-arm-none-eabi-4_8-2014q2/bin/../lib/gcc/arm-none-eabi/4.8.4/../../../../arm-none-eabi/lib/armv7e-m/fpu/crt0.o
 .text          0x00000000        0x0 Libraries/STM32F30x_StdPeriph_Driver/src/stm32f30x_adc.o
[...]
Memory Configuration

Name             Origin             Length             Attributes
FLASH            0x08000000         0x00040000         xr
RAM              0x20000000         0x0000a000         xrw
MEMORY_B1        0x60000000         0x00000000         xr
CCMRAM           0x10000000         0x00002000         rw
*default*        0x00000000         0xffffffff

Linker script and memory map

LOAD /home/christian/Downloads/gcc-arm-none-eabi-4_8-2014q2/bin/../lib/gcc/arm-none-eabi/4.8.4/armv7e-m/fpu/crti.o
LOAD /home/christian/Downloads/gcc-arm-none-eabi-4_8-2014q2/bin/../lib/gcc/arm-none-eabi/4.8.4/armv7e-m/fpu/crtbegin.o
LOAD /home/christian/Downloads/gcc-arm-none-eabi-4_8-2014q2/bin/../lib/gcc/arm-none-eabi/4.8.4/../../../../arm-none-eabi/lib/armv7e-m/fpu/crt0.o
LOAD Libraries/STM32F30x_StdPeriph_Driver/src/stm32f30x_adc.o
LOAD Libraries/STM32F30x_StdPeriph_Driver/src/stm32f30x_can.o
LOAD Libraries/STM32F30x_StdPeriph_Driver/src/stm32f30x_comp.o
LOAD Libraries/STM32F30x_StdPeriph_Driver/src/stm32f30x_crc.o
LOAD Libraries/STM32F30x_StdPeriph_Driver/src/stm32f30x_dac.o
LOAD Libraries/STM32F30x_StdPeriph_Driver/src/stm32f30x_dbgmcu.o
LOAD Libraries/STM32F30x_StdPeriph_Driver/src/stm32f30x_dma.o
LOAD Libraries/STM32F30x_StdPeriph_Driver/src/stm32f30x_exti.o
LOAD Libraries/STM32F30x_StdPeriph_Driver/src/stm32f30x_flash.o
LOAD Libraries/STM32F30x_StdPeriph_Driver/src/stm32f30x_gpio.o
LOAD Libraries/STM32F30x_StdPeriph_Driver/src/stm32f30x_i2c.o
LOAD Libraries/STM32F30x_StdPeriph_Driver/src/stm32f30x_iwdg.o
LOAD Libraries/STM32F30x_StdPeriph_Driver/src/stm32f30x_misc.o
LOAD Libraries/STM32F30x_StdPeriph_Driver/src/stm32f30x_opamp.o
LOAD Libraries/STM32F30x_StdPeriph_Driver/src/stm32f30x_pwr.o
LOAD Libraries/STM32F30x_StdPeriph_Driver/src/stm32f30x_rcc.o
LOAD Libraries/STM32F30x_StdPeriph_Driver/src/stm32f30x_rtc.o
LOAD Libraries/STM32F30x_StdPeriph_Driver/src/stm32f30x_spi.o
LOAD Libraries/STM32F30x_StdPeriph_Driver/src/stm32f30x_syscfg.o
LOAD Libraries/STM32F30x_StdPeriph_Driver/src/stm32f30x_tim.o
LOAD Libraries/STM32F30x_StdPeriph_Driver/src/stm32f30x_usart.o
LOAD Libraries/STM32F30x_StdPeriph_Driver/src/stm32f30x_wwdg.o
LOAD src/common.o
LOAD src/main.o
LOAD src/stm32f3_discovery.o
LOAD src/stm32f3_discovery_l3gd20.o
LOAD src/stm32f3_discovery_lsm303dlhc.o
LOAD src/system_stm32f30x.o
LOAD src/startup_stm32f30x.o
LOAD /home/christian/Downloads/gcc-arm-none-eabi-4_8-2014q2/bin/../lib/gcc/arm-none-eabi/4.8.4/../../../../arm-none-eabi/lib/armv7e-m/fpu/libm.a
LOAD /home/christian/Downloads/gcc-arm-none-eabi-4_8-2014q2/bin/../lib/gcc/arm-none-eabi/4.8.4/../../../../arm-none-eabi/lib/armv7e-m/fpu/libc.a
START GROUP
LOAD /home/christian/Downloads/gcc-arm-none-eabi-4_8-2014q2/bin/../lib/gcc/arm-none-eabi/4.8.4/armv7e-m/fpu/libgcc.a
LOAD /home/christian/Downloads/gcc-arm-none-eabi-4_8-2014q2/bin/../lib/gcc/arm-none-eabi/4.8.4/../../../../arm-none-eabi/lib/armv7e-m/fpu/libg.a
LOAD /home/christian/Downloads/gcc-arm-none-eabi-4_8-2014q2/bin/../lib/gcc/arm-none-eabi/4.8.4/../../../../arm-none-eabi/lib/armv7e-m/fpu/libc.a
END GROUP
LOAD /home/christian/Downloads/gcc-arm-none-eabi-4_8-2014q2/bin/../lib/gcc/arm-none-eabi/4.8.4/armv7e-m/fpu/crtend.o
LOAD /home/christian/Downloads/gcc-arm-none-eabi-4_8-2014q2/bin/../lib/gcc/arm-none-eabi/4.8.4/armv7e-m/fpu/crtn.o
                0x2000a000                _estack = 0x2000a000
                0x00000000                _Min_Heap_Size = 0x0
                0x00000200                _Min_Stack_Size = 0x200

.isr_vector     0x08000000      0x188
                0x08000000                . = ALIGN (0x4)
 *(.isr_vector)
 .isr_vector    0x08000000      0x188 src/startup_stm32f30x.o
                0x08000000                g_pfnVectors
                0x08000188                . = ALIGN (0x4)

.text           0x08000188      0x858
                0x08000188                . = ALIGN (0x4)
 *(.text)
 .text          0x08000188       0x54 /home/christian/Downloads/gcc-arm-none-eabi-4_8-2014q2/bin/../lib/gcc/arm-none-eabi/4.8.4/armv7e-m/fpu/crtbegin.o
 *(.text*)
 .text.GPIO_Init
                0x080001dc      0x128 Libraries/STM32F30x_StdPeriph_Driver/src/stm32f30x_gpio.o
                0x080001dc                GPIO_Init
 .text.RCC_AHBPeriphClockCmd
                0x08000304       0x3c Libraries/STM32F30x_StdPeriph_Driver/src/stm32f30x_rcc.o
                0x08000304                RCC_AHBPeriphClockCmd
 .text.SysTick_Handler
                0x08000340       0x24 src/common.o
                0x08000340                SysTick_Handler
 .text._delay_ms
                0x08000364       0x30 src/common.o
                0x08000364                _delay_ms
 .text.NVIC_SetPriority
                0x08000394       0x54 src/main.o
 .text.SysTick_Config
                0x080003e8       0x44 src/main.o
 .text.main     0x0800042c       0xbc src/main.o
                0x0800042c                main
 .text.STM_EVAL_LEDInit
                0x080004e8       0x5c src/stm32f3_discovery.o
                0x080004e8                STM_EVAL_LEDInit
 .text.STM_EVAL_LEDToggle
                0x08000544       0x40 src/stm32f3_discovery.o
                0x08000544                STM_EVAL_LEDToggle
 .text.SystemInit
                0x08000584       0x88 src/system_stm32f30x.o
                0x08000584                SystemInit
 .text.SystemCoreClockUpdate
                0x0800060c       0xd4 src/system_stm32f30x.o
                0x0800060c                SystemCoreClockUpdate
 .text.SetSysClock
                0x080006e0      0x114 src/system_stm32f30x.o
 .text.Reset_Handler
                0x080007f4       0x50 src/startup_stm32f30x.o
                0x080007f4                Reset_Handler
 .text.Default_Handler
                0x08000844        0x4 src/startup_stm32f30x.o
                0x08000844                RTC_Alarm_IRQHandler
                0x08000844                TIM8_TRG_COM_IRQHandler
                0x08000844                TIM8_CC_IRQHandler
                0x08000844                DebugMon_Handler
                0x08000844                TIM1_CC_IRQHandler
                0x08000844                HardFault_Handler
                0x08000844                USB_HP_IRQHandler
                0x08000844                PVD_IRQHandler
                0x08000844                PendSV_Handler
                0x08000844                NMI_Handler
                0x08000844                EXTI3_IRQHandler
                0x08000844                EXTI0_IRQHandler
                0x08000844                I2C2_EV_IRQHandler
                0x08000844                FPU_IRQHandler
                0x08000844                EXTI2_TS_IRQHandler
                0x08000844                TIM1_UP_TIM16_IRQHandler
                0x08000844                UsageFault_Handler
                0x08000844                ADC1_2_IRQHandler
                0x08000844                SPI1_IRQHandler
                0x08000844                TIM6_DAC_IRQHandler
                0x08000844                TIM8_UP_IRQHandler
                0x08000844                DMA2_Channel2_IRQHandler
                0x08000844                DMA1_Channel4_IRQHandler
                0x08000844                USART3_IRQHandler
                0x08000844                DMA1_Channel7_IRQHandler
                0x08000844                CAN1_RX1_IRQHandler
                0x08000844                UART5_IRQHandler
                0x08000844                ADC3_IRQHandler
                0x08000844                TIM4_IRQHandler
                0x08000844                DMA2_Channel1_IRQHandler
                0x08000844                I2C1_EV_IRQHandler
                0x08000844                DMA1_Channel6_IRQHandler
                0x08000844                UART4_IRQHandler
                0x08000844                DMA2_Channel4_IRQHandler
                0x08000844                TIM3_IRQHandler
                0x08000844                RCC_IRQHandler
                0x08000844                DMA1_Channel1_IRQHandler
                0x08000844                Default_Handler
                0x08000844                USBWakeUp_RMP_IRQHandler
                0x08000844                EXTI15_10_IRQHandler
                0x08000844                TIM7_IRQHandler
                0x08000844                EXTI9_5_IRQHandler
                0x08000844                TAMPER_STAMP_IRQHandler
                0x08000844                RTC_WKUP_IRQHandler
                0x08000844                SPI2_IRQHandler
                0x08000844                MemManage_Handler
                0x08000844                SVC_Handler
                0x08000844                DMA2_Channel5_IRQHandler
                0x08000844                DMA1_Channel5_IRQHandler
                0x08000844                USB_LP_IRQHandler
                0x08000844                EXTI4_IRQHandler
                0x08000844                USB_LP_CAN1_RX0_IRQHandler
                0x08000844                TIM1_TRG_COM_TIM17_IRQHandler
                0x08000844                USB_HP_CAN1_TX_IRQHandler
                0x08000844                DMA1_Channel3_IRQHandler
                0x08000844                ADC4_IRQHandler
                0x08000844                WWDG_IRQHandler
                0x08000844                TIM2_IRQHandler
                0x08000844                COMP7_IRQHandler
                0x08000844                COMP1_2_3_IRQHandler
                0x08000844                EXTI1_IRQHandler
                0x08000844                USART2_IRQHandler
                0x08000844                COMP4_5_6_IRQHandler
                0x08000844                I2C2_ER_IRQHandler
                0x08000844                DMA1_Channel2_IRQHandler
                0x08000844                TIM8_BRK_IRQHandler
                0x08000844                CAN1_SCE_IRQHandler
                0x08000844                FLASH_IRQHandler
                0x08000844                BusFault_Handler
                0x08000844                USART1_IRQHandler
                0x08000844                SPI3_IRQHandler
                0x08000844                I2C1_ER_IRQHandler
                0x08000844                USBWakeUp_IRQHandler
                0x08000844                DMA2_Channel3_IRQHandler
                0x08000844                TIM1_BRK_TIM15_IRQHandler
 .text.__libc_init_array
                0x08000848       0x50 /home/christian/Downloads/gcc-arm-none-eabi-4_8-2014q2/bin/../lib/gcc/arm-none-eabi/4.8.4/../../../../arm-none-eabi/lib/armv7e-m/fpu/libc.a(lib_a-init.o)
                0x08000848                __libc_init_array
 .text.startup.register_fini
                0x08000898       0x14 /home/christian/Downloads/gcc-arm-none-eabi-4_8-2014q2/bin/../lib/gcc/arm-none-eabi/4.8.4/../../../../arm-none-eabi/lib/armv7e-m/fpu/libc.a(lib_a-__call_atexit.o)
 .text.atexit   0x080008ac        0xc /home/christian/Downloads/gcc-arm-none-eabi-4_8-2014q2/bin/../lib/gcc/arm-none-eabi/4.8.4/../../../../arm-none-eabi/lib/armv7e-m/fpu/libc.a(lib_a-atexit.o)
                0x080008ac                atexit
 .text.__libc_fini_array
                0x080008b8       0x30 /home/christian/Downloads/gcc-arm-none-eabi-4_8-2014q2/bin/../lib/gcc/arm-none-eabi/4.8.4/../../../../arm-none-eabi/lib/armv7e-m/fpu/libc.a(lib_a-fini.o)
                0x080008b8                __libc_fini_array
 .text.__register_exitproc
                0x080008e8       0xa8 /home/christian/Downloads/gcc-arm-none-eabi-4_8-2014q2/bin/../lib/gcc/arm-none-eabi/4.8.4/../../../../arm-none-eabi/lib/armv7e-m/fpu/libc.a(lib_a-__atexit.o)
                0x080008e8                __register_exitproc
 *(.rodata)
 *(.rodata*)
 .rodata.GPIO_PIN
                0x08000990       0x10 src/stm32f3_discovery.o
                0x08000990                GPIO_PIN
 .rodata.GPIO_CLK
                0x080009a0       0x20 src/stm32f3_discovery.o
                0x080009a0                GPIO_CLK
 .rodata.str1.4
                0x080009c0        0x4 /home/christian/Downloads/gcc-arm-none-eabi-4_8-2014q2/bin/../lib/gcc/arm-none-eabi/4.8.4/../../../../arm-none-eabi/lib/armv7e-m/fpu/libc.a(lib_a-impure.o)
 .rodata._global_impure_ptr
                0x080009c4        0x4 /home/christian/Downloads/gcc-arm-none-eabi-4_8-2014q2/bin/../lib/gcc/arm-none-eabi/4.8.4/../../../../arm-none-eabi/lib/armv7e-m/fpu/libc.a(lib_a-impure.o)
                0x080009c4                _global_impure_ptr
 *(.glue_7)
 .glue_7        0x00000000        0x0 linker stubs
 *(.glue_7t)
 .glue_7t       0x00000000        0x0 linker stubs
 *(.eh_frame)
 .eh_frame      0x080009c8        0x0 /home/christian/Downloads/gcc-arm-none-eabi-4_8-2014q2/bin/../lib/gcc/arm-none-eabi/4.8.4/armv7e-m/fpu/crtbegin.o
 *(.init)
 .init          0x080009c8        0x4 /home/christian/Downloads/gcc-arm-none-eabi-4_8-2014q2/bin/../lib/gcc/arm-none-eabi/4.8.4/armv7e-m/fpu/crti.o
                0x080009c8                _init
 .init          0x080009cc        0x8 /home/christian/Downloads/gcc-arm-none-eabi-4_8-2014q2/bin/../lib/gcc/arm-none-eabi/4.8.4/armv7e-m/fpu/crtn.o
 *(.fini)
 .fini          0x080009d4        0x4 /home/christian/Downloads/gcc-arm-none-eabi-4_8-2014q2/bin/../lib/gcc/arm-none-eabi/4.8.4/armv7e-m/fpu/crti.o
                0x080009d4                _fini
 .fini          0x080009d8        0x8 /home/christian/Downloads/gcc-arm-none-eabi-4_8-2014q2/bin/../lib/gcc/arm-none-eabi/4.8.4/armv7e-m/fpu/crtn.o
                0x080009e0                . = ALIGN (0x4)
                0x080009e0                _etext = .

.vfp11_veneer   0x080009e0        0x0
 .vfp11_veneer  0x00000000        0x0 linker stubs

.v4_bx          0x080009e0        0x0
 .v4_bx         0x00000000        0x0 linker stubs

.iplt           0x080009e0        0x0
 .iplt          0x00000000        0x0 /home/christian/Downloads/gcc-arm-none-eabi-4_8-2014q2/bin/../lib/gcc/arm-none-eabi/4.8.4/armv7e-m/fpu/crtbegin.o

.rel.dyn        0x080009e0        0x0
 .rel.iplt      0x00000000        0x0 /home/christian/Downloads/gcc-arm-none-eabi-4_8-2014q2/bin/../lib/gcc/arm-none-eabi/4.8.4/armv7e-m/fpu/crtbegin.o

.ARM.extab
 *(.ARM.extab* .gnu.linkonce.armextab.*)

.ARM            0x080009e0        0x0
                0x080009e0                __exidx_start = .
 *(.ARM.exidx*)
                0x080009e0                __exidx_end = .

.preinit_array  0x080009e0        0x0
                0x080009e0                PROVIDE (__preinit_array_start, .)
 *(.preinit_array*)
                0x080009e0                PROVIDE (__preinit_array_end, .)

.init_array     0x080009e0        0x8
                0x080009e0                PROVIDE (__init_array_start, .)
 *(SORT(.init_array.*))
 .init_array.00000
                0x080009e0        0x4 /home/christian/Downloads/gcc-arm-none-eabi-4_8-2014q2/bin/../lib/gcc/arm-none-eabi/4.8.4/../../../../arm-none-eabi/lib/armv7e-m/fpu/libc.a(lib_a-__call_atexit.o)
 *(.init_array*)
 .init_array    0x080009e4        0x4 /home/christian/Downloads/gcc-arm-none-eabi-4_8-2014q2/bin/../lib/gcc/arm-none-eabi/4.8.4/armv7e-m/fpu/crtbegin.o
                0x080009e8                PROVIDE (__init_array_end, .)

.fini_array     0x080009e8        0x4
                0x080009e8                PROVIDE (__fini_array_start, .)
 *(SORT(.fini_array.*))
 *(.fini_array*)
 .fini_array    0x080009e8        0x4 /home/christian/Downloads/gcc-arm-none-eabi-4_8-2014q2/bin/../lib/gcc/arm-none-eabi/4.8.4/armv7e-m/fpu/crtbegin.o
                0x080009ec                PROVIDE (__fini_array_end, .)
                0x080009ec                _sidata = LOADADDR (.data)

.data           0x20000000      0x460 load address 0x080009ec
                0x20000000                . = ALIGN (0x4)
                0x20000000                _sdata = .
 *(.data)
 *(.data*)
 .data.GPIO_PORT
                0x20000000       0x20 src/stm32f3_discovery.o
                0x20000000                GPIO_PORT
 .data.SystemCoreClock
                0x20000020        0x4 src/system_stm32f30x.o
                0x20000020                SystemCoreClock
 .data.AHBPrescTable
                0x20000024       0x10 src/system_stm32f30x.o
                0x20000024                AHBPrescTable
 *fill*         0x20000034        0x4 
 .data.impure_data
                0x20000038      0x428 /home/christian/Downloads/gcc-arm-none-eabi-4_8-2014q2/bin/../lib/gcc/arm-none-eabi/4.8.4/../../../../arm-none-eabi/lib/armv7e-m/fpu/libc.a(lib_a-impure.o)
                0x20000460                . = ALIGN (0x4)
                0x20000460                _edata = .
                0x08000e4c                _siccmram = LOADADDR (.ccmram)

.jcr            0x20000460        0x0 load address 0x08000e4c
 .jcr           0x20000460        0x0 /home/christian/Downloads/gcc-arm-none-eabi-4_8-2014q2/bin/../lib/gcc/arm-none-eabi/4.8.4/armv7e-m/fpu/crtbegin.o

.igot.plt       0x20000460        0x0 load address 0x08000e4c
 .igot.plt      0x00000000        0x0 /home/christian/Downloads/gcc-arm-none-eabi-4_8-2014q2/bin/../lib/gcc/arm-none-eabi/4.8.4/armv7e-m/fpu/crtbegin.o

.ccmram         0x10000000        0x0 load address 0x08000e4c
                0x10000000                . = ALIGN (0x4)
                0x10000000                _sccmram = .
 *(.ccmram)
 *(.ccmram*)
                0x10000000                . = ALIGN (0x4)
                0x10000000                _eccmram = .
                0x10000000                . = ALIGN (0x4)

.bss            0x20000460       0x20
                0x20000460                _sbss = .
                0x20000460                __bss_start__ = _sbss
 *(.bss)
 .bss           0x20000460       0x1c /home/christian/Downloads/gcc-arm-none-eabi-4_8-2014q2/bin/../lib/gcc/arm-none-eabi/4.8.4/armv7e-m/fpu/crtbegin.o
 *(.bss*)
 .bss.TimingDelay
                0x2000047c        0x4 src/common.o
                0x2000047c                TimingDelay
 *(COMMON)
                0x20000480                . = ALIGN (0x4)
                0x20000480                _ebss = .
                0x20000480                __bss_end__ = _ebss

._user_heap_stack
                0x20000480      0x200
                0x20000480                . = ALIGN (0x4)
                0x20000480                PROVIDE (end, .)
                0x20000480                PROVIDE (_end, .)
                0x20000480                . = (. + _Min_Heap_Size)
                0x20000680                . = (. + _Min_Stack_Size)
 *fill*         0x20000480      0x200 
                0x20000680                . = ALIGN (0x4)

.memory_b1_text
 *(.mb1text)
 *(.mb1text*)
 *(.mb1rodata)
 *(.mb1rodata*)

/DISCARD/
 libc.a(*)
 libm.a(*)
 libgcc.a(*)

.ARM.attributes
                0x00000000       0x30
 *(.ARM.attributes)
 .ARM.attributes
                0x00000000       0x22 /home/christian/Downloads/gcc-arm-none-eabi-4_8-2014q2/bin/../lib/gcc/arm-none-eabi/4.8.4/armv7e-m/fpu/crti.o
 .ARM.attributes
                0x00000022       0x34 /home/christian/Downloads/gcc-arm-none-eabi-4_8-2014q2/bin/../lib/gcc/arm-none-eabi/4.8.4/armv7e-m/fpu/crtbegin.o
 .ARM.attributes
                0x00000056       0x39 Libraries/STM32F30x_StdPeriph_Driver/src/stm32f30x_gpio.o
 .ARM.attributes
                0x0000008f       0x39 Libraries/STM32F30x_StdPeriph_Driver/src/stm32f30x_rcc.o
 .ARM.attributes
                0x000000c8       0x39 src/common.o
 .ARM.attributes
                0x00000101       0x39 src/main.o
 .ARM.attributes
                0x0000013a       0x39 src/stm32f3_discovery.o
 .ARM.attributes
                0x00000173       0x39 src/system_stm32f30x.o
 .ARM.attributes
                0x000001ac       0x21 src/startup_stm32f30x.o
 .ARM.attributes
                0x000001cd       0x34 /home/christian/Downloads/gcc-arm-none-eabi-4_8-2014q2/bin/../lib/gcc/arm-none-eabi/4.8.4/../../../../arm-none-eabi/lib/armv7e-m/fpu/libc.a(lib_a-impure.o)
 .ARM.attributes
                0x00000201       0x34 /home/christian/Downloads/gcc-arm-none-eabi-4_8-2014q2/bin/../lib/gcc/arm-none-eabi/4.8.4/../../../../arm-none-eabi/lib/armv7e-m/fpu/libc.a(lib_a-init.o)
 .ARM.attributes
                0x00000235       0x34 /home/christian/Downloads/gcc-arm-none-eabi-4_8-2014q2/bin/../lib/gcc/arm-none-eabi/4.8.4/../../../../arm-none-eabi/lib/armv7e-m/fpu/libc.a(lib_a-__call_atexit.o)
 .ARM.attributes
                0x00000269       0x34 /home/christian/Downloads/gcc-arm-none-eabi-4_8-2014q2/bin/../lib/gcc/arm-none-eabi/4.8.4/../../../../arm-none-eabi/lib/armv7e-m/fpu/libc.a(lib_a-atexit.o)
 .ARM.attributes
                0x0000029d       0x34 /home/christian/Downloads/gcc-arm-none-eabi-4_8-2014q2/bin/../lib/gcc/arm-none-eabi/4.8.4/../../../../arm-none-eabi/lib/armv7e-m/fpu/libc.a(lib_a-fini.o)
 .ARM.attributes
                0x000002d1       0x34 /home/christian/Downloads/gcc-arm-none-eabi-4_8-2014q2/bin/../lib/gcc/arm-none-eabi/4.8.4/../../../../arm-none-eabi/lib/armv7e-m/fpu/libc.a(lib_a-__atexit.o)
 .ARM.attributes
                0x00000305       0x22 /home/christian/Downloads/gcc-arm-none-eabi-4_8-2014q2/bin/../lib/gcc/arm-none-eabi/4.8.4/armv7e-m/fpu/crtn.o
OUTPUT(stm32f3.elf elf32-littlearm)

.debug_info     0x00000000     0x261e
 .debug_info    0x00000000      0x5fe Libraries/STM32F30x_StdPeriph_Driver/src/stm32f30x_gpio.o
 .debug_info    0x000005fe      0xab0 Libraries/STM32F30x_StdPeriph_Driver/src/stm32f30x_rcc.o
 .debug_info    0x000010ae      0x139 src/common.o
 .debug_info    0x000011e7      0x6d8 src/main.o
 .debug_info    0x000018bf      0x857 src/stm32f3_discovery.o
 .debug_info    0x00002116      0x49c src/system_stm32f30x.o
 .debug_info    0x000025b2       0x6c src/startup_stm32f30x.o

.debug_abbrev   0x00000000      0x881
 .debug_abbrev  0x00000000      0x196 Libraries/STM32F30x_StdPeriph_Driver/src/stm32f30x_gpio.o
 .debug_abbrev  0x00000196      0x1e5 Libraries/STM32F30x_StdPeriph_Driver/src/stm32f30x_rcc.o
 .debug_abbrev  0x0000037b       0xa1 src/common.o
 .debug_abbrev  0x0000041c      0x187 src/main.o
 .debug_abbrev  0x000005a3      0x185 src/stm32f3_discovery.o
 .debug_abbrev  0x00000728      0x147 src/system_stm32f30x.o
 .debug_abbrev  0x0000086f       0x12 src/startup_stm32f30x.o

.debug_aranges  0x00000000      0x2d0
 .debug_aranges
                0x00000000       0x80 Libraries/STM32F30x_StdPeriph_Driver/src/stm32f30x_gpio.o
 .debug_aranges
                0x00000080      0x150 Libraries/STM32F30x_StdPeriph_Driver/src/stm32f30x_rcc.o
 .debug_aranges
                0x000001d0       0x30 src/common.o
 .debug_aranges
                0x00000200       0x30 src/main.o
 .debug_aranges
                0x00000230       0x48 src/stm32f3_discovery.o
 .debug_aranges
                0x00000278       0x30 src/system_stm32f30x.o
 .debug_aranges
                0x000002a8       0x28 src/startup_stm32f30x.o

.debug_ranges   0x00000000      0x268
 .debug_ranges  0x00000000       0x70 Libraries/STM32F30x_StdPeriph_Driver/src/stm32f30x_gpio.o
 .debug_ranges  0x00000070      0x140 Libraries/STM32F30x_StdPeriph_Driver/src/stm32f30x_rcc.o
 .debug_ranges  0x000001b0       0x20 src/common.o
 .debug_ranges  0x000001d0       0x20 src/main.o
 .debug_ranges  0x000001f0       0x38 src/stm32f3_discovery.o
 .debug_ranges  0x00000228       0x20 src/system_stm32f30x.o
 .debug_ranges  0x00000248       0x20 src/startup_stm32f30x.o

.debug_line     0x00000000     0x107b
 .debug_line    0x00000000      0x2f1 Libraries/STM32F30x_StdPeriph_Driver/src/stm32f30x_gpio.o
 .debug_line    0x000002f1      0x55c Libraries/STM32F30x_StdPeriph_Driver/src/stm32f30x_rcc.o
 .debug_line    0x0000084d      0x159 src/common.o
 .debug_line    0x000009a6      0x224 src/main.o
 .debug_line    0x00000bca      0x25f src/stm32f3_discovery.o
 .debug_line    0x00000e29      0x1de src/system_stm32f30x.o
 .debug_line    0x00001007       0x74 src/startup_stm32f30x.o

.debug_str      0x00000000     0x13de
 .debug_str     0x00000000      0x4aa Libraries/STM32F30x_StdPeriph_Driver/src/stm32f30x_gpio.o
                                0x500 (size before relaxing)
 .debug_str     0x000004aa      0x638 Libraries/STM32F30x_StdPeriph_Driver/src/stm32f30x_rcc.o
                                0x85c (size before relaxing)
 .debug_str     0x00000ae2       0x4f src/common.o
                                0x205 (size before relaxing)
 .debug_str     0x00000b31      0x560 src/main.o
                                0x75d (size before relaxing)
 .debug_str     0x00001091      0x2e5 src/stm32f3_discovery.o
                                0xabe (size before relaxing)
 .debug_str     0x00001376       0x68 src/system_stm32f30x.o
                                0x34b (size before relaxing)

.comment        0x00000000       0x70
 .comment       0x00000000       0x70 Libraries/STM32F30x_StdPeriph_Driver/src/stm32f30x_gpio.o
                                 0x71 (size before relaxing)
 .comment       0x00000000       0x71 Libraries/STM32F30x_StdPeriph_Driver/src/stm32f30x_rcc.o
 .comment       0x00000000       0x71 src/common.o
 .comment       0x00000000       0x71 src/main.o
 .comment       0x00000000       0x71 src/stm32f3_discovery.o
 .comment       0x00000000       0x71 src/system_stm32f30x.o

.debug_frame    0x00000000      0x8b0
 .debug_frame   0x00000000      0x180 Libraries/STM32F30x_StdPeriph_Driver/src/stm32f30x_gpio.o
 .debug_frame   0x00000180      0x44c Libraries/STM32F30x_StdPeriph_Driver/src/stm32f30x_rcc.o
 .debug_frame   0x000005cc       0x60 src/common.o
 .debug_frame   0x0000062c       0x6c src/main.o
 .debug_frame   0x00000698       0xc4 src/stm32f3_discovery.o
 .debug_frame   0x0000075c       0x64 src/system_stm32f30x.o
 .debug_frame   0x000007c0       0x2c /home/christian/Downloads/gcc-arm-none-eabi-4_8-2014q2/bin/../lib/gcc/arm-none-eabi/4.8.4/../../../../arm-none-eabi/lib/armv7e-m/fpu/libc.a(lib_a-init.o)
 .debug_frame   0x000007ec       0x48 /home/christian/Downloads/gcc-arm-none-eabi-4_8-2014q2/bin/../lib/gcc/arm-none-eabi/4.8.4/../../../../arm-none-eabi/lib/armv7e-m/fpu/libc.a(lib_a-__call_atexit.o)
 .debug_frame   0x00000834       0x20 /home/christian/Downloads/gcc-arm-none-eabi-4_8-2014q2/bin/../lib/gcc/arm-none-eabi/4.8.4/../../../../arm-none-eabi/lib/armv7e-m/fpu/libc.a(lib_a-atexit.o)
 .debug_frame   0x00000854       0x2c /home/christian/Downloads/gcc-arm-none-eabi-4_8-2014q2/bin/../lib/gcc/arm-none-eabi/4.8.4/../../../../arm-none-eabi/lib/armv7e-m/fpu/libc.a(lib_a-fini.o)
 .debug_frame   0x00000880       0x30 /home/christian/Downloads/gcc-arm-none-eabi-4_8-2014q2/bin/../lib/gcc/arm-none-eabi/4.8.4/../../../../arm-none-eabi/lib/armv7e-m/fpu/libc.a(lib_a-__atexit.o)
